   1               		.file	"main.c"
   2               	__SREG__ = 0x3f
   3               	__SP_H__ = 0x3e
   4               	__SP_L__ = 0x3d
   5               	__CCP__  = 0x34
   6               	__tmp_reg__ = 0
   7               	__zero_reg__ = 1
   8               		.global __do_copy_data
   9               		.global __do_clear_bss
  17               	.Ltext0:
  18               	.global	main
  20               	main:
  21               	.LFB2:
  22               	.LM1:
  23               	/* prologue: function */
  24               	/* frame size = 0 */
  25               	.LM2:
  26 0000 60E0      		ldi r22,lo8(115200)
  27 0002 72EC      		ldi r23,hi8(115200)
  28 0004 81E0      		ldi r24,hlo8(115200)
  29 0006 90E0      		ldi r25,hhi8(115200)
  30 0008 00D0      		rcall usartSingleSetBaudRate
  31               	.LM3:
  32 000a 83E0      		ldi r24,lo8(3)
  33 000c 00D0      		rcall usartSingleSetNumBit
  34               	.LM4:
  35 000e 80E0      		ldi r24,lo8(0)
  36 0010 00D0      		rcall usartSingleSetParity
  37               	.LM5:
  38 0012 80E0      		ldi r24,lo8(0)
  39 0014 00D0      		rcall usartSingleSetStopBit
  40               	.LM6:
  41 0016 80E0      		ldi r24,lo8(0)
  42 0018 00D0      		rcall usartSingleSetMode
  43               	.L2:
  44 001a 00C0      		rjmp .L2
  45               	.LFE2:
  71               	.Letext0:
DEFINED SYMBOLS
                            *ABS*:00000000 main.c
C:\Users\fnadeau\AppData\Local\Temp/ccK3givJ.s:2      *ABS*:0000003f __SREG__
C:\Users\fnadeau\AppData\Local\Temp/ccK3givJ.s:3      *ABS*:0000003e __SP_H__
C:\Users\fnadeau\AppData\Local\Temp/ccK3givJ.s:4      *ABS*:0000003d __SP_L__
C:\Users\fnadeau\AppData\Local\Temp/ccK3givJ.s:5      *ABS*:00000034 __CCP__
C:\Users\fnadeau\AppData\Local\Temp/ccK3givJ.s:6      *ABS*:00000000 __tmp_reg__
C:\Users\fnadeau\AppData\Local\Temp/ccK3givJ.s:7      *ABS*:00000001 __zero_reg__
C:\Users\fnadeau\AppData\Local\Temp/ccK3givJ.s:20     .text:00000000 main

UNDEFINED SYMBOLS
__do_copy_data
__do_clear_bss
usartSingleSetBaudRate
usartSingleSetNumBit
usartSingleSetParity
usartSingleSetStopBit
usartSingleSetMode
